
> eduraa-mobile@1.0.0 web
> expo start --web --port 19006

env: load .env
env: export EXPO_PUBLIC_API_TARGET
Starting project at C:\Users\krish\Desktop\AI_Question_Paper_System\eduraa-mobile
Starting Metro Bundler
Waiting on http://localhost:19006
Logs for your project will appear below.
Web Bundled 1244ms index.js (1261 modules)
 LOG  [web] Logs will appear in the browser console
Web .\index.js ░░░░░░░░░░░░░░░░  0.0% (0/1)
Web Bundled 66ms index.js (1 module)
 LOG  [web] Logs will appear in the browser console
Web .\index.js ░░░░░░░░░░░░░░░░  0.0% (0/1)
Web Bundled 87ms index.js (1 module)
 LOG  [web] Logs will appear in the browser console
Web .\index.js ░░░░░░░░░░░░░░░░  0.0% (0/1)
Web Bundled 73ms index.js (1 module)
 LOG  [web] Logs will appear in the browser console
Web .\index.js ░░░░░░░░░░░░░░░░  0.0% (0/1)
Web Bundled 70ms index.js (1 module)
 LOG  [web] Logs will appear in the browser console
Web .\index.js ░░░░░░░░░░░░░░░░  0.0% (0/1)
Web Bundled 87ms index.js (1 module)
 LOG  [web] Logs will appear in the browser console
Unable to resolve "../screens/auth/RegisterScreen" from "src\navigation\index.tsx"
[0m [90m 12 |[39m
 [90m 13 |[39m [36mimport[39m [33mLoginScreen[39m [36mfrom[39m [32m'../screens/auth/LoginScreen'[39m
[31m[1m>[22m[39m[90m 14 |[39m [36mimport[39m [33mRegisterScreen[39m [36mfrom[39m [32m'../screens/auth/RegisterScreen'[39m
 [90m    |[39m                             [31m[1m^[22m[39m
 [90m 15 |[39m [36mimport[39m [33mRegisterIndividualScreen[39m [36mfrom[39m [32m'../screens/auth/RegisterIndividualScreen'[39m
 [90m 16 |[39m [36mimport[39m [33mRegisterSchoolScreen[39m [36mfrom[39m [32m'../screens/auth/RegisterSchoolScreen'[39m
 [90m 17 |[39m [36mimport[39m [33mVerifyEmailScreen[39m [36mfrom[39m [32m'../screens/auth/VerifyEmailScreen'[39m[0m

Import stack:

 src\navigation\index.tsx
 | import "../screens/auth/RegisterScreen"

 App.tsx
 | import "./src/navigation"

 index.js
 | import "./App"

 
 | import "./index"

Web .\index.js ░░░░░░░░░░░░░░░░  0.0% (0/1)
Web Bundled 65ms index.js (1 module)
 LOG  [web] Logs will appear in the browser console
Web .\index.js ░░░░░░░░░░░░░░░░  0.0% (0/1)
Web Bundled 73ms index.js (1 module)
 LOG  [web] Logs will appear in the browser console
Unable to resolve "../screens/auth/LoginScreen" from "src\navigation\index.tsx"
[0m [90m 11 |[39m [36mimport[39m type { [33mRole[39m } [36mfrom[39m [32m'../types'[39m
 [90m 12 |[39m
[31m[1m>[22m[39m[90m 13 |[39m [36mimport[39m [33mLoginScreen[39m [36mfrom[39m [32m'../screens/auth/LoginScreen'[39m
 [90m    |[39m                          [31m[1m^[22m[39m
 [90m 14 |[39m [36mimport[39m [33mRegisterScreen[39m [36mfrom[39m [32m'../screens/auth/RegisterScreen'[39m
 [90m 15 |[39m [36mimport[39m [33mRegisterIndividualScreen[39m [36mfrom[39m [32m'../screens/auth/RegisterIndividualScreen'[39m
 [90m 16 |[39m [36mimport[39m [33mRegisterSchoolScreen[39m [36mfrom[39m [32m'../screens/auth/RegisterSchoolScreen'[39m[0m

Import stack:

 src\navigation\index.tsx
 | import "../screens/auth/LoginScreen"

 App.tsx
 | import "./src/navigation"

 index.js
 | import "./App"

 
 | import "./index"

Web .\index.js ░░░░░░░░░░░░░░░░  0.0% (0/1)
Web Bundled 48ms index.js (1 module)
 LOG  [web] Logs will appear in the browser console
Web .\index.js ░░░░░░░░░░░░░░░░  0.0% (0/1)
Web Bundled 58ms index.js (1 module)
 LOG  [web] Logs will appear in the browser console
Web .\index.js ░░░░░░░░░░░░░░░░  0.0% (0/1)
Web Bundled 86ms index.js (1 module)
 LOG  [web] Logs will appear in the browser console
Web .\index.js ░░░░░░░░░░░░░░░░  0.0% (0/1)
Web Bundled 44ms index.js (1 module)
 LOG  [web] Logs will appear in the browser console
Web .\index.js ░░░░░░░░░░░░░░░░  0.0% (0/1)
Web Bundled 101ms index.js (1 module)
 LOG  [web] Logs will appear in the browser console
Unable to resolve "../screens/auth/LoginScreen" from "src\navigation\index.tsx"
[0m [90m 11 |[39m [36mimport[39m type { [33mRole[39m } [36mfrom[39m [32m'../types'[39m
 [90m 12 |[39m
[31m[1m>[22m[39m[90m 13 |[39m [36mimport[39m [33mLoginScreen[39m [36mfrom[39m [32m'../screens/auth/LoginScreen'[39m
 [90m    |[39m                          [31m[1m^[22m[39m
 [90m 14 |[39m [36mimport[39m [33mRegisterScreen[39m [36mfrom[39m [32m'../screens/auth/RegisterScreen'[39m
 [90m 15 |[39m [36mimport[39m [33mRegisterIndividualScreen[39m [36mfrom[39m [32m'../screens/auth/RegisterIndividualScreen'[39m
 [90m 16 |[39m [36mimport[39m [33mRegisterSchoolScreen[39m [36mfrom[39m [32m'../screens/auth/RegisterSchoolScreen'[39m[0m

Import stack:

 src\navigation\index.tsx
 | import "../screens/auth/LoginScreen"

 App.tsx
 | import "./src/navigation"

 index.js
 | import "./App"

 
 | import "./index"

Web .\index.js ░░░░░░░░░░░░░░░░  0.0% (0/1)
Web Bundled 80ms index.js (1 module)
 LOG  [web] Logs will appear in the browser console
Web .\index.js ░░░░░░░░░░░░░░░░  0.0% (0/1)
Web Bundled 45ms index.js (1 module)
 LOG  [web] Logs will appear in the browser console
Web .\index.js ░░░░░░░░░░░░░░░░  0.0% (0/1)
Web Bundled 75ms index.js (1 module)
 LOG  [web] Logs will appear in the browser console
Web .\index.js ░░░░░░░░░░░░░░░░  0.0% (0/1)
Web Bundled 72ms index.js (1 module)
 LOG  [web] Logs will appear in the browser console
Web .\index.js ░░░░░░░░░░░░░░░░  0.0% (0/1)
Web Bundled 47ms index.js (1 module)
 LOG  [web] Logs will appear in the browser console
Web .\index.js ░░░░░░░░░░░░░░░░  0.0% (0/1)
Web Bundled 65ms index.js (1 module)
 LOG  [web] Logs will appear in the browser console
Web .\index.js ░░░░░░░░░░░░░░░░  0.0% (0/1)
Web Bundled 100ms index.js (1 module)
 LOG  [web] Logs will appear in the browser console
Web .\index.js ░░░░░░░░░░░░░░░░  0.0% (0/1)
Web Bundled 68ms index.js (1 module)
 LOG  [web] Logs will appear in the browser console
Web .\index.js ░░░░░░░░░░░░░░░░  0.0% (0/1)
Web Bundled 53ms index.js (1 module)
 LOG  [web] Logs will appear in the browser console
Web .\index.js ░░░░░░░░░░░░░░░░  0.0% (0/1)
Web Bundled 48ms index.js (1 module)
 LOG  [web] Logs will appear in the browser console
Web .\index.js ░░░░░░░░░░░░░░░░  0.0% (0/1)
Web Bundled 59ms index.js (1 module)
 LOG  [web] Logs will appear in the browser console
Web .\index.js ░░░░░░░░░░░░░░░░  0.0% (0/1)
Web Bundled 72ms index.js (1 module)
 LOG  [web] Logs will appear in the browser console
Web .\index.js ░░░░░░░░░░░░░░░░  0.0% (0/1)
Web Bundled 68ms index.js (1 module)
 LOG  [web] Logs will appear in the browser console
Web .\index.js ░░░░░░░░░░░░░░░░  0.0% (0/1)
Web Bundled 91ms index.js (1 module)
 LOG  [web] Logs will appear in the browser console
Web .\index.js ░░░░░░░░░░░░░░░░  0.0% (0/1)
Web Bundled 75ms index.js (1 module)
 LOG  [web] Logs will appear in the browser console
Web .\index.js ░░░░░░░░░░░░░░░░  0.0% (0/1)
Web Bundled 101ms index.js (1 module)
 LOG  [web] Logs will appear in the browser console
Web .\index.js ░░░░░░░░░░░░░░░░  0.0% (0/1)
Web Bundled 89ms index.js (1 module)
 LOG  [web] Logs will appear in the browser console
Web .\index.js ░░░░░░░░░░░░░░░░  0.0% (0/1)
Web Bundled 82ms index.js (1 module)
 LOG  [web] Logs will appear in the browser console
Web .\index.js ░░░░░░░░░░░░░░░░  0.0% (0/1)
Web Bundled 85ms index.js (1 module)
 LOG  [web] Logs will appear in the browser console
Web .\index.js ░░░░░░░░░░░░░░░░  0.0% (0/1)
Web Bundled 67ms index.js (1 module)
 LOG  [web] Logs will appear in the browser console
Web .\index.js ░░░░░░░░░░░░░░░░  0.0% (0/1)
Web Bundled 89ms index.js (1 module)
 LOG  [web] Logs will appear in the browser console
Web .\index.js ░░░░░░░░░░░░░░░░  0.0% (0/1)
Web Bundled 90ms index.js (1 module)
 LOG  [web] Logs will appear in the browser console
Web .\index.js ░░░░░░░░░░░░░░░░  0.0% (0/1)
Web Bundled 57ms index.js (1 module)
 LOG  [web] Logs will appear in the browser console
Web .\index.js ░░░░░░░░░░░░░░░░  0.0% (0/1)
Web Bundled 62ms index.js (1 module)
 LOG  [web] Logs will appear in the browser console
Web .\index.js ░░░░░░░░░░░░░░░░  0.0% (0/1)
Web Bundled 78ms index.js (1 module)
 LOG  [web] Logs will appear in the browser console
Web .\index.js ░░░░░░░░░░░░░░░░  0.0% (0/1)
Web Bundled 47ms index.js (1 module)
 LOG  [web] Logs will appear in the browser console
Web .\index.js ░░░░░░░░░░░░░░░░  0.0% (0/1)
Web Bundled 60ms index.js (1 module)
 LOG  [web] Logs will appear in the browser console
Unable to resolve "../screens/papers/PapersScreen" from "src\navigation\index.tsx"
[0m [90m 17 |[39m [36mimport[39m [33mVerifyEmailScreen[39m [36mfrom[39m [32m'../screens/auth/VerifyEmailScreen'[39m
 [90m 18 |[39m [36mimport[39m [33mHomeScreen[39m [36mfrom[39m [32m'../screens/home/HomeScreen'[39m
[31m[1m>[22m[39m[90m 19 |[39m [36mimport[39m [33mPapersScreen[39m [36mfrom[39m [32m'../screens/papers/PapersScreen'[39m
 [90m    |[39m                           [31m[1m^[22m[39m
 [90m 20 |[39m [36mimport[39m [33mGeneratePaperScreen[39m [36mfrom[39m [32m'../screens/papers/GeneratePaperScreen'[39m
 [90m 21 |[39m [36mimport[39m [33mPaperDetailScreen[39m [36mfrom[39m [32m'../screens/papers/PaperDetailScreen'[39m
 [90m 22 |[39m [36mimport[39m [33mAttemptPaperScreen[39m [36mfrom[39m [32m'../screens/papers/AttemptPaperScreen'[39m[0m

Import stack:

 src\navigation\index.tsx
 | import "../screens/papers/PapersScreen"

 App.tsx
 | import "./src/navigation"

 
 | import "./App"

Web .\index.js ░░░░░░░░░░░░░░░░  0.0% (0/1)
Web Bundled 55ms index.js (1 module)
 LOG  [web] Logs will appear in the browser console
Web .\index.js ░░░░░░░░░░░░░░░░  0.0% (0/1)
Web Bundled 62ms index.js (1 module)
 LOG  [web] Logs will appear in the browser console
Web .\index.js ░░░░░░░░░░░░░░░░  0.0% (0/1)
Web Bundled 56ms index.js (1 module)
 LOG  [web] Logs will appear in the browser console
Web .\index.js ░░░░░░░░░░░░░░░░  0.0% (0/1)
Web Bundled 51ms index.js (1 module)
 LOG  [web] Logs will appear in the browser console
Web .\index.js ░░░░░░░░░░░░░░░░  0.0% (0/1)
Web Bundled 49ms index.js (1 module)
 LOG  [web] Logs will appear in the browser console
Web .\index.js ░░░░░░░░░░░░░░░░  0.0% (0/1)
Web Bundled 53ms index.js (1 module)
 LOG  [web] Logs will appear in the browser console
Web .\index.js ░░░░░░░░░░░░░░░░  0.0% (0/1)
Web Bundled 74ms index.js (1 module)
 LOG  [web] Logs will appear in the browser console
Web .\index.js ░░░░░░░░░░░░░░░░  0.0% (0/1)
Web Bundled 68ms index.js (1 module)
 LOG  [web] Logs will appear in the browser console
Unable to resolve "../screens/papers/GeneratePaperScreen" from "src\navigation\index.tsx"
[0m [90m 18 |[39m [36mimport[39m [33mHomeScreen[39m [36mfrom[39m [32m'../screens/home/HomeScreen'[39m
 [90m 19 |[39m [36mimport[39m [33mPapersScreen[39m [36mfrom[39m [32m'../screens/papers/PapersScreen'[39m
[31m[1m>[22m[39m[90m 20 |[39m [36mimport[39m [33mGeneratePaperScreen[39m [36mfrom[39m [32m'../screens/papers/GeneratePaperScreen'[39m
 [90m    |[39m                                  [31m[1m^[22m[39m
 [90m 21 |[39m [36mimport[39m [33mPaperDetailScreen[39m [36mfrom[39m [32m'../screens/papers/PaperDetailScreen'[39m
 [90m 22 |[39m [36mimport[39m [33mAttemptPaperScreen[39m [36mfrom[39m [32m'../screens/papers/AttemptPaperScreen'[39m
 [90m 23 |[39m [36mimport[39m [33mQuizScreen[39m [36mfrom[39m [32m'../screens/papers/QuizScreen'[39m[0m

Import stack:

 src\navigation\index.tsx
 | import "../screens/papers/GeneratePaperScreen"

 App.tsx
 | import "./src/navigation"

 
 | import "./App"

Unable to resolve "../screens/papers/GeneratePaperScreen" from "src\navigation\index.tsx"
[0m [90m 18 |[39m [36mimport[39m [33mHomeScreen[39m [36mfrom[39m [32m'../screens/home/HomeScreen'[39m
 [90m 19 |[39m [36mimport[39m [33mPapersScreen[39m [36mfrom[39m [32m'../screens/papers/PapersScreen'[39m
[31m[1m>[22m[39m[90m 20 |[39m [36mimport[39m [33mGeneratePaperScreen[39m [36mfrom[39m [32m'../screens/papers/GeneratePaperScreen'[39m
 [90m    |[39m                                  [31m[1m^[22m[39m
 [90m 21 |[39m [36mimport[39m [33mPaperDetailScreen[39m [36mfrom[39m [32m'../screens/papers/PaperDetailScreen'[39m
 [90m 22 |[39m [36mimport[39m [33mAttemptPaperScreen[39m [36mfrom[39m [32m'../screens/papers/AttemptPaperScreen'[39m
 [90m 23 |[39m [36mimport[39m [33mQuizScreen[39m [36mfrom[39m [32m'../screens/papers/QuizScreen'[39m[0m

Import stack:

 src\navigation\index.tsx
 | import "../screens/papers/GeneratePaperScreen"

 App.tsx
 | import "./src/navigation"

 
 | import "./App"

Web .\index.js ░░░░░░░░░░░░░░░░  0.0% (0/1)
Web Bundled 80ms index.js (1 module)
 LOG  [web] Logs will appear in the browser console
Web .\index.js ░░░░░░░░░░░░░░░░  0.0% (0/1)
Web Bundled 69ms index.js (1 module)
 LOG  [web] Logs will appear in the browser console
Web .\index.js ░░░░░░░░░░░░░░░░  0.0% (0/1)
Web Bundled 60ms index.js (1 module)
 LOG  [web] Logs will appear in the browser console
Web .\index.js ░░░░░░░░░░░░░░░░  0.0% (0/1)
Web Bundled 67ms index.js (1 module)
 LOG  [web] Logs will appear in the browser console
Web .\index.js ░░░░░░░░░░░░░░░░  0.0% (0/1)
Web Bundled 65ms index.js (1 module)
 LOG  [web] Logs will appear in the browser console
Web .\index.js ░░░░░░░░░░░░░░░░  0.0% (0/1)
Web Bundled 81ms index.js (1 module)
 LOG  [web] Logs will appear in the browser console
Web .\index.js ░░░░░░░░░░░░░░░░  0.0% (0/1)
Web Bundled 69ms index.js (1 module)
 LOG  [web] Logs will appear in the browser console
Web .\index.js ░░░░░░░░░░░░░░░░  0.0% (0/1)
Web Bundled 69ms index.js (1 module)
 LOG  [web] Logs will appear in the browser console
Web .\index.js ░░░░░░░░░░░░░░░░  0.0% (0/1)
Web Bundled 83ms index.js (1 module)
 LOG  [web] Logs will appear in the browser console
Web .\index.js ░░░░░░░░░░░░░░░░  0.0% (0/1)
Web Bundled 66ms index.js (1 module)
 LOG  [web] Logs will appear in the browser console
